// Jest Snapshot v1, https://goo.gl/fbAQLP

exports[`Pruebas en GifItem Debe hacer match con el snapshot 1`] = `
<div>
  <div
    class="card"
  >
    <img
      alt="Goku gafass"
      src="https://media.giphy.com/media/125cxELHOpsLra/giphy.gif"
    />
    <p>
      Goku gafass
    </p>
  </div>
</div>
`;
