// Jest Snapshot v1, https://goo.gl/fbAQLP

exports[`Pruebas en el component GifExpertApp Verificar que si a√±ada una categoria y luego limpie el input 1`] = `
<div>
  <h1>
    GifExpertApp
  </h1>
  <form
    aria-label="form"
  >
    <input
      placeholder="Buscar Gifs"
      type="text"
      value=""
    />
  </form>
  <h3>
    One Piece
  </h3>
  <h2>
    Cargando...
  </h2>
  <ol
    class="card-grid"
  />
</div>
`;
